WEBVTT

00:00:00.000 --> 00:00:10.000
sprite_1.jpg#xywh=5,5,160,90

00:00:10.000 --> 00:00:20.000
sprite_1.jpg#xywh=180,5,160,90

00:00:20.000 --> 00:00:30.000
sprite_1.jpg#xywh=5,110,160,90

00:00:30.000 --> 00:00:40.000
sprite_1.jpg#xywh=180,110,160,90

00:00:40.000 --> 00:00:50.000
sprite_1.jpg#xywh=5,215,160,90

00:00:50.000 --> 00:01:00.000
sprite_1.jpg#xywh=180,215,160,90

00:01:00.000 --> 00:01:10.000
sprite_2.jpg#xywh=5,5,160,90

00:01:10.000 --> 00:01:20.000
sprite_2.jpg#xywh=180,5,160,90

00:01:20.000 --> 00:01:30.000
sprite_2.jpg#xywh=5,110,160,90

00:01:30.000 --> 00:01:40.000
sprite_2.jpg#xywh=180,110,160,90

00:01:40.000 --> 00:01:50.000
sprite_2.jpg#xywh=5,215,160,90

00:01:50.000 --> 00:02:00.000
sprite_2.jpg#xywh=180,215,160,90

00:02:00.000 --> 00:02:10.000
sprite_3.jpg#xywh=5,5,160,90

00:02:10.000 --> 00:02:20.000
sprite_3.jpg#xywh=180,5,160,90

00:02:20.000 --> 00:02:30.000
sprite_3.jpg#xywh=5,110,160,90

00:02:30.000 --> 00:02:40.000
sprite_3.jpg#xywh=180,110,160,90

00:02:40.000 --> 00:02:50.000
sprite_3.jpg#xywh=5,215,160,90

00:02:50.000 --> 00:03:00.000
sprite_3.jpg#xywh=180,215,160,90